// Jest Snapshot v1, https://goo.gl/fbAQLP

exports[`about us page displays image and text info on dev team 1`] = `
<h2>
  loading...
</h2>
`;
