// Jest Snapshot v1, https://goo.gl/fbAQLP

exports[`art gallery container displays a list of pieces of art 1`] = `
<h2>
  loading...
</h2>
`;
